============================= test session starts =============================
platform win32 -- Python 3.13.9, pytest-8.4.2, pluggy-1.5.0 -- D:\ProgramData\anaconda3\python.exe
cachedir: .pytest_cache
rootdir: E:\Code\repo\ai-teaching-assistant-frontend\backend
configfile: pyproject.toml
plugins: anyio-4.10.0, asyncio-1.3.0, cov-7.0.0
asyncio: mode=Mode.AUTO, debug=False, asyncio_default_fixture_loop_scope=None, asyncio_default_test_loop_scope=function
collecting ... collected 3 items

